
> golf-charity-platform@0.1.0 build
> next build

node.exe : ΓÜá Warning: Next.js inferred your workspace root, but it may not be correct.
At line:1 char:1
+ & "C:\Program Files\nodejs/node.exe" "C:\Program Files\nodejs/node_mo ...
+ ~~~~~~~~~~~~~~~~~~~~~~~~~~~~~~~~~~~~~~~~~~~~~~~~~~~~~~~~~~~~~~~~~~~~~
    + CategoryInfo          : NotSpecified: (ΓÜá Warning: Ne...not be correct.:String) [], 
    RemoteException
    + FullyQualifiedErrorId : NativeCommandError
 
 We detected multiple lockfiles and selected the directory of C:\Users\Jeevan 
c\package-lock.json as the root directory.
 To silence this warning, set `turbopack.root` in your Next.js config, or consider 
removing one of the lockfiles if it's not needed.
   See 
https://nextjs.org/docs/app/api-reference/config/next-config-js/turbopack#root-directory 
for more information.
 Detected additional lockfiles: 
   * C:\Users\Jeevan c\Desktop\golf-charity-platform\package-lock.json

Γû▓ Next.js 16.2.1 (Turbopack)
- Environments: .env.local

ΓÜá The "middleware" file convention is deprecated. Please use "proxy" instead. Learn 
more: https://nextjs.org/docs/messages/middleware-to-proxy
  Creating an optimized production build ...

> Build error occurred
Error: Turbopack build failed with 1 errors:
./Desktop/golf-charity-platform/lib/supabase.ts:4:1
You're importing a module that depends on "next/headers". This API is only available in 
Server Components in the App Router, but you are using it in the Pages Router.
    Learn more: 
https://nextjs.org/docs/app/building-your-application/rendering/server-components
  [90m2 |[0m [36mimport[0m { createServerClient [36mas[0m createSupabaseServerClient 
} [36mfrom[0m [32m'@supabase/ssr'[0m
  [90m3 |[0m [36mimport[0m { createClient } [36mfrom[0m 
[32m'@supabase/supabase-js'[0m
[31m[1m>[0m [90m4 |[0m [36mimport[0m { cookies } [36mfrom[0m 
[32m'next/headers'[0m
  [90m  |[0m [31m[1m^^^^^^^^^^^^^^^^^^^^^^^^^^^^^^^^^^^^^^[0m
  [90m5 |[0m
  [90m6 |[0m [36mexport[0m [36mfunction[0m createBrowserClient() {
  [90m7 |[0m   [36mreturn[0m createSupabaseBrowserClient(

Ecmascript file had an error

Import traces:
  App Route:
    ./Desktop/golf-charity-platform/lib/supabase.ts
    ./Desktop/golf-charity-platform/app/api/webhooks/stripe/route.ts

  Server Component:
    ./Desktop/golf-charity-platform/lib/supabase.ts
    ./Desktop/golf-charity-platform/app/dashboard/draws/page.tsx

  Client Component Browser:
    ./Desktop/golf-charity-platform/lib/supabase.ts [Client Component Browser]
    ./Desktop/golf-charity-platform/app/auth/reset-password/page.tsx [Client Component 
Browser]
    ./Desktop/golf-charity-platform/app/auth/reset-password/page.tsx [Server Component]

  Client Component SSR:
    ./Desktop/golf-charity-platform/lib/supabase.ts [Client Component SSR]
    ./Desktop/golf-charity-platform/app/auth/reset-password/page.tsx [Client Component SSR]
    ./Desktop/golf-charity-platform/app/auth/reset-password/page.tsx [Server Component]


    at <unknown> (./Desktop/golf-charity-platform/lib/supabase.ts:4:1)
